[2020-06-22T18:36:14.765+0200][gc,heap] Heap region size: 1M
[2020-06-22T18:36:14.774+0200][gc     ] Using G1
[2020-06-22T18:36:14.774+0200][gc,heap,coops] Heap address: 0x00000000c0000000, size: 1024 MB, Compressed Oops mode: 32-bit
[2020-06-22T18:36:15.608+0200][gc,start     ] GC(0) Pause Young (Normal) (G1 Evacuation Pause)
[2020-06-22T18:36:15.609+0200][gc,task      ] GC(0) Using 8 workers of 8 for evacuation
[2020-06-22T18:36:15.613+0200][gc,phases    ] GC(0)   Pre Evacuate Collection Set: 0,0ms
[2020-06-22T18:36:15.613+0200][gc,phases    ] GC(0)   Evacuate Collection Set: 3,2ms
[2020-06-22T18:36:15.613+0200][gc,phases    ] GC(0)   Post Evacuate Collection Set: 0,5ms
[2020-06-22T18:36:15.613+0200][gc,phases    ] GC(0)   Other: 0,8ms
[2020-06-22T18:36:15.613+0200][gc,heap      ] GC(0) Eden regions: 51->0(44)
[2020-06-22T18:36:15.613+0200][gc,heap      ] GC(0) Survivor regions: 0->7(7)
[2020-06-22T18:36:15.613+0200][gc,heap      ] GC(0) Old regions: 0->0
[2020-06-22T18:36:15.613+0200][gc,heap      ] GC(0) Humongous regions: 0->0
[2020-06-22T18:36:15.613+0200][gc,metaspace ] GC(0) Metaspace: 16059K->16059K(1062912K)
[2020-06-22T18:36:15.613+0200][gc           ] GC(0) Pause Young (Normal) (G1 Evacuation Pause) 51M->6M(1024M) 4,559ms
[2020-06-22T18:36:15.613+0200][gc,cpu       ] GC(0) User=0,03s Sys=0,00s Real=0,00s
[2020-06-22T18:36:15.828+0200][gc,start     ] GC(1) Pause Young (Concurrent Start) (Metadata GC Threshold)
[2020-06-22T18:36:15.828+0200][gc,task      ] GC(1) Using 8 workers of 8 for evacuation
[2020-06-22T18:36:15.833+0200][gc,phases    ] GC(1)   Pre Evacuate Collection Set: 0,0ms
[2020-06-22T18:36:15.833+0200][gc,phases    ] GC(1)   Evacuate Collection Set: 4,3ms
[2020-06-22T18:36:15.833+0200][gc,phases    ] GC(1)   Post Evacuate Collection Set: 0,4ms
[2020-06-22T18:36:15.833+0200][gc,phases    ] GC(1)   Other: 0,1ms
[2020-06-22T18:36:15.833+0200][gc,heap      ] GC(1) Eden regions: 19->0(49)
[2020-06-22T18:36:15.833+0200][gc,heap      ] GC(1) Survivor regions: 7->2(7)
[2020-06-22T18:36:15.833+0200][gc,heap      ] GC(1) Old regions: 0->7
[2020-06-22T18:36:15.833+0200][gc,heap      ] GC(1) Humongous regions: 129->129
[2020-06-22T18:36:15.833+0200][gc,metaspace ] GC(1) Metaspace: 20599K->20599K(1067008K)
[2020-06-22T18:36:15.833+0200][gc           ] GC(1) Pause Young (Concurrent Start) (Metadata GC Threshold) 154M->137M(1024M) 4,918ms
[2020-06-22T18:36:15.833+0200][gc,cpu       ] GC(1) User=0,02s Sys=0,00s Real=0,00s
[2020-06-22T18:36:15.833+0200][gc           ] GC(2) Concurrent Cycle
[2020-06-22T18:36:15.833+0200][gc,marking   ] GC(2) Concurrent Clear Claimed Marks
[2020-06-22T18:36:15.833+0200][gc,marking   ] GC(2) Concurrent Clear Claimed Marks 0,013ms
[2020-06-22T18:36:15.833+0200][gc,marking   ] GC(2) Concurrent Scan Root Regions
[2020-06-22T18:36:15.834+0200][gc,marking   ] GC(2) Concurrent Scan Root Regions 0,653ms
[2020-06-22T18:36:15.834+0200][gc,marking   ] GC(2) Concurrent Mark (1,073s)
[2020-06-22T18:36:15.834+0200][gc,marking   ] GC(2) Concurrent Mark From Roots
[2020-06-22T18:36:15.834+0200][gc,task      ] GC(2) Using 2 workers of 2 for marking
[2020-06-22T18:36:15.838+0200][gc,marking   ] GC(2) Concurrent Mark From Roots 4,487ms
[2020-06-22T18:36:15.838+0200][gc,marking   ] GC(2) Concurrent Preclean
[2020-06-22T18:36:15.838+0200][gc,marking   ] GC(2) Concurrent Preclean 0,102ms
[2020-06-22T18:36:15.838+0200][gc,marking   ] GC(2) Concurrent Mark (1,073s, 1,078s) 4,633ms
[2020-06-22T18:36:15.839+0200][gc,start     ] GC(2) Pause Remark
[2020-06-22T18:36:15.840+0200][gc,stringtable] GC(2) Cleaned string and symbol table, strings: 9193 processed, 0 removed, symbols: 50445 processed, 49 removed
[2020-06-22T18:36:15.840+0200][gc            ] GC(2) Pause Remark 138M->138M(1024M) 1,880ms
[2020-06-22T18:36:15.840+0200][gc,cpu        ] GC(2) User=0,01s Sys=0,00s Real=0,00s
[2020-06-22T18:36:15.841+0200][gc,marking    ] GC(2) Concurrent Rebuild Remembered Sets
[2020-06-22T18:36:15.843+0200][gc,marking    ] GC(2) Concurrent Rebuild Remembered Sets 2,301ms
[2020-06-22T18:36:15.843+0200][gc,start      ] GC(2) Pause Cleanup
[2020-06-22T18:36:15.843+0200][gc            ] GC(2) Pause Cleanup 138M->138M(1024M) 0,168ms
[2020-06-22T18:36:15.843+0200][gc,cpu        ] GC(2) User=0,00s Sys=0,00s Real=0,00s
[2020-06-22T18:36:15.843+0200][gc,marking    ] GC(2) Concurrent Cleanup for Next Mark
[2020-06-22T18:36:15.846+0200][gc,marking    ] GC(2) Concurrent Cleanup for Next Mark 3,025ms
[2020-06-22T18:36:15.846+0200][gc            ] GC(2) Concurrent Cycle 13,007ms
[2020-06-22T18:36:19.772+0200][gc,heap,exit  ] Heap
[2020-06-22T18:36:19.772+0200][gc,heap,exit  ]  garbage-first heap   total 1048576K, used 179692K [0x00000000c0000000, 0x0000000100000000)
[2020-06-22T18:36:19.772+0200][gc,heap,exit  ]   region size 1024K, 42 young (43008K), 2 survivors (2048K)
[2020-06-22T18:36:19.772+0200][gc,heap,exit  ]  Metaspace       used 26914K, capacity 27884K, committed 28156K, reserved 1073152K
[2020-06-22T18:36:19.772+0200][gc,heap,exit  ]   class space    used 3566K, capacity 3968K, committed 4092K, reserved 1048576K
