[2020-06-22T18:37:36.969+0200][gc,heap] Heap region size: 1M
[2020-06-22T18:37:36.978+0200][gc     ] Using G1
[2020-06-22T18:37:36.978+0200][gc,heap,coops] Heap address: 0x00000000c0000000, size: 1024 MB, Compressed Oops mode: 32-bit
[2020-06-22T18:37:37.708+0200][gc,start     ] GC(0) Pause Young (Normal) (G1 Evacuation Pause)
[2020-06-22T18:37:37.711+0200][gc,task      ] GC(0) Using 8 workers of 8 for evacuation
[2020-06-22T18:37:37.715+0200][gc,phases    ] GC(0)   Pre Evacuate Collection Set: 0,0ms
[2020-06-22T18:37:37.715+0200][gc,phases    ] GC(0)   Evacuate Collection Set: 3,3ms
[2020-06-22T18:37:37.715+0200][gc,phases    ] GC(0)   Post Evacuate Collection Set: 0,5ms
[2020-06-22T18:37:37.715+0200][gc,phases    ] GC(0)   Other: 3,1ms
[2020-06-22T18:37:37.715+0200][gc,heap      ] GC(0) Eden regions: 51->0(44)
[2020-06-22T18:37:37.715+0200][gc,heap      ] GC(0) Survivor regions: 0->7(7)
[2020-06-22T18:37:37.715+0200][gc,heap      ] GC(0) Old regions: 0->0
[2020-06-22T18:37:37.715+0200][gc,heap      ] GC(0) Humongous regions: 0->0
[2020-06-22T18:37:37.715+0200][gc,metaspace ] GC(0) Metaspace: 16081K->16081K(1062912K)
[2020-06-22T18:37:37.715+0200][gc           ] GC(0) Pause Young (Normal) (G1 Evacuation Pause) 51M->6M(1024M) 6,923ms
[2020-06-22T18:37:37.715+0200][gc,cpu       ] GC(0) User=0,02s Sys=0,01s Real=0,00s
[2020-06-22T18:37:37.921+0200][gc,start     ] GC(1) Pause Young (Concurrent Start) (Metadata GC Threshold)
[2020-06-22T18:37:37.921+0200][gc,task      ] GC(1) Using 8 workers of 8 for evacuation
[2020-06-22T18:37:37.926+0200][gc,phases    ] GC(1)   Pre Evacuate Collection Set: 0,0ms
[2020-06-22T18:37:37.926+0200][gc,phases    ] GC(1)   Evacuate Collection Set: 4,5ms
[2020-06-22T18:37:37.926+0200][gc,phases    ] GC(1)   Post Evacuate Collection Set: 0,4ms
[2020-06-22T18:37:37.926+0200][gc,phases    ] GC(1)   Other: 0,2ms
[2020-06-22T18:37:37.926+0200][gc,heap      ] GC(1) Eden regions: 19->0(49)
[2020-06-22T18:37:37.926+0200][gc,heap      ] GC(1) Survivor regions: 7->2(7)
[2020-06-22T18:37:37.926+0200][gc,heap      ] GC(1) Old regions: 0->7
[2020-06-22T18:37:37.926+0200][gc,heap      ] GC(1) Humongous regions: 129->129
[2020-06-22T18:37:37.926+0200][gc,metaspace ] GC(1) Metaspace: 20644K->20644K(1067008K)
[2020-06-22T18:37:37.926+0200][gc           ] GC(1) Pause Young (Concurrent Start) (Metadata GC Threshold) 154M->137M(1024M) 5,165ms
[2020-06-22T18:37:37.926+0200][gc,cpu       ] GC(1) User=0,02s Sys=0,00s Real=0,00s
[2020-06-22T18:37:37.926+0200][gc           ] GC(2) Concurrent Cycle
[2020-06-22T18:37:37.926+0200][gc,marking   ] GC(2) Concurrent Clear Claimed Marks
[2020-06-22T18:37:37.926+0200][gc,marking   ] GC(2) Concurrent Clear Claimed Marks 0,012ms
[2020-06-22T18:37:37.926+0200][gc,marking   ] GC(2) Concurrent Scan Root Regions
[2020-06-22T18:37:37.927+0200][gc,marking   ] GC(2) Concurrent Scan Root Regions 0,688ms
[2020-06-22T18:37:37.927+0200][gc,marking   ] GC(2) Concurrent Mark (0,961s)
[2020-06-22T18:37:37.927+0200][gc,marking   ] GC(2) Concurrent Mark From Roots
[2020-06-22T18:37:37.927+0200][gc,task      ] GC(2) Using 2 workers of 2 for marking
[2020-06-22T18:37:37.930+0200][gc,marking   ] GC(2) Concurrent Mark From Roots 3,542ms
[2020-06-22T18:37:37.930+0200][gc,marking   ] GC(2) Concurrent Preclean
[2020-06-22T18:37:37.930+0200][gc,marking   ] GC(2) Concurrent Preclean 0,057ms
[2020-06-22T18:37:37.930+0200][gc,marking   ] GC(2) Concurrent Mark (0,961s, 0,965s) 3,624ms
[2020-06-22T18:37:37.930+0200][gc,start     ] GC(2) Pause Remark
[2020-06-22T18:37:37.932+0200][gc,stringtable] GC(2) Cleaned string and symbol table, strings: 9187 processed, 0 removed, symbols: 50442 processed, 48 removed
[2020-06-22T18:37:37.932+0200][gc            ] GC(2) Pause Remark 137M->137M(1024M) 1,998ms
[2020-06-22T18:37:37.932+0200][gc,cpu        ] GC(2) User=0,02s Sys=0,00s Real=0,00s
[2020-06-22T18:37:37.932+0200][gc,marking    ] GC(2) Concurrent Rebuild Remembered Sets
[2020-06-22T18:37:37.935+0200][gc,marking    ] GC(2) Concurrent Rebuild Remembered Sets 2,281ms
[2020-06-22T18:37:37.935+0200][gc,start      ] GC(2) Pause Cleanup
[2020-06-22T18:37:37.935+0200][gc            ] GC(2) Pause Cleanup 138M->138M(1024M) 0,167ms
[2020-06-22T18:37:37.935+0200][gc,cpu        ] GC(2) User=0,01s Sys=0,00s Real=0,00s
[2020-06-22T18:37:37.935+0200][gc,marking    ] GC(2) Concurrent Cleanup for Next Mark
[2020-06-22T18:37:37.937+0200][gc,marking    ] GC(2) Concurrent Cleanup for Next Mark 2,388ms
[2020-06-22T18:37:37.937+0200][gc            ] GC(2) Concurrent Cycle 11,650ms
[2020-06-22T18:37:38.376+0200][gc,start      ] GC(3) Pause Young (Normal) (G1 Evacuation Pause)
[2020-06-22T18:37:38.376+0200][gc,task       ] GC(3) Using 8 workers of 8 for evacuation
[2020-06-22T18:37:38.379+0200][gc,phases     ] GC(3)   Pre Evacuate Collection Set: 0,0ms
[2020-06-22T18:37:38.379+0200][gc,phases     ] GC(3)   Evacuate Collection Set: 3,3ms
[2020-06-22T18:37:38.379+0200][gc,phases     ] GC(3)   Post Evacuate Collection Set: 0,3ms
[2020-06-22T18:37:38.379+0200][gc,phases     ] GC(3)   Other: 0,1ms
[2020-06-22T18:37:38.379+0200][gc,heap       ] GC(3) Eden regions: 49->0(46)
[2020-06-22T18:37:38.379+0200][gc,heap       ] GC(3) Survivor regions: 2->5(7)
[2020-06-22T18:37:38.379+0200][gc,heap       ] GC(3) Old regions: 7->7
[2020-06-22T18:37:38.379+0200][gc,heap       ] GC(3) Humongous regions: 129->129
[2020-06-22T18:37:38.379+0200][gc,metaspace  ] GC(3) Metaspace: 30113K->30113K(1077248K)
[2020-06-22T18:37:38.380+0200][gc            ] GC(3) Pause Young (Normal) (G1 Evacuation Pause) 186M->140M(1024M) 3,714ms
[2020-06-22T18:37:38.380+0200][gc,cpu        ] GC(3) User=0,02s Sys=0,00s Real=0,00s
[2020-06-22T18:37:45.829+0200][gc,start      ] GC(4) Pause Young (Concurrent Start) (Metadata GC Threshold)
[2020-06-22T18:37:45.829+0200][gc,task       ] GC(4) Using 8 workers of 8 for evacuation
[2020-06-22T18:37:45.836+0200][gc,phases     ] GC(4)   Pre Evacuate Collection Set: 0,1ms
[2020-06-22T18:37:45.836+0200][gc,phases     ] GC(4)   Evacuate Collection Set: 6,5ms
[2020-06-22T18:37:45.836+0200][gc,phases     ] GC(4)   Post Evacuate Collection Set: 0,5ms
[2020-06-22T18:37:45.836+0200][gc,phases     ] GC(4)   Other: 0,2ms
[2020-06-22T18:37:45.836+0200][gc,heap       ] GC(4) Eden regions: 35->0(49)
[2020-06-22T18:37:45.836+0200][gc,heap       ] GC(4) Survivor regions: 5->2(7)
[2020-06-22T18:37:45.836+0200][gc,heap       ] GC(4) Old regions: 7->12
[2020-06-22T18:37:45.836+0200][gc,heap       ] GC(4) Humongous regions: 129->129
[2020-06-22T18:37:45.836+0200][gc,metaspace  ] GC(4) Metaspace: 34417K->34417K(1081344K)
[2020-06-22T18:37:45.836+0200][gc            ] GC(4) Pause Young (Concurrent Start) (Metadata GC Threshold) 175M->142M(1024M) 7,389ms
[2020-06-22T18:37:45.836+0200][gc,cpu        ] GC(4) User=0,03s Sys=0,00s Real=0,01s
[2020-06-22T18:37:45.836+0200][gc            ] GC(5) Concurrent Cycle
[2020-06-22T18:37:45.836+0200][gc,marking    ] GC(5) Concurrent Clear Claimed Marks
[2020-06-22T18:37:45.836+0200][gc,marking    ] GC(5) Concurrent Clear Claimed Marks 0,093ms
[2020-06-22T18:37:45.836+0200][gc,marking    ] GC(5) Concurrent Scan Root Regions
[2020-06-22T18:37:45.837+0200][gc,marking    ] GC(5) Concurrent Scan Root Regions 0,962ms
[2020-06-22T18:37:45.837+0200][gc,marking    ] GC(5) Concurrent Mark (8,872s)
[2020-06-22T18:37:45.837+0200][gc,marking    ] GC(5) Concurrent Mark From Roots
[2020-06-22T18:37:45.837+0200][gc,task       ] GC(5) Using 2 workers of 2 for marking
[2020-06-22T18:37:45.846+0200][gc,marking    ] GC(5) Concurrent Mark From Roots 9,324ms
[2020-06-22T18:37:45.846+0200][gc,marking    ] GC(5) Concurrent Preclean
[2020-06-22T18:37:45.847+0200][gc,marking    ] GC(5) Concurrent Preclean 0,095ms
[2020-06-22T18:37:45.847+0200][gc,marking    ] GC(5) Concurrent Mark (8,872s, 8,881s) 9,453ms
[2020-06-22T18:37:45.847+0200][gc,start      ] GC(5) Pause Remark
[2020-06-22T18:37:45.849+0200][gc,stringtable] GC(5) Cleaned string and symbol table, strings: 15685 processed, 11 removed, symbols: 78472 processed, 28 removed
[2020-06-22T18:37:45.849+0200][gc            ] GC(5) Pause Remark 143M->143M(1024M) 2,775ms
[2020-06-22T18:37:45.849+0200][gc,cpu        ] GC(5) User=0,02s Sys=0,00s Real=0,01s
[2020-06-22T18:37:45.850+0200][gc,marking    ] GC(5) Concurrent Rebuild Remembered Sets
[2020-06-22T18:37:45.854+0200][gc,marking    ] GC(5) Concurrent Rebuild Remembered Sets 4,898ms
[2020-06-22T18:37:45.855+0200][gc,start      ] GC(5) Pause Cleanup
[2020-06-22T18:37:45.855+0200][gc            ] GC(5) Pause Cleanup 143M->143M(1024M) 0,124ms
[2020-06-22T18:37:45.855+0200][gc,cpu        ] GC(5) User=0,00s Sys=0,00s Real=0,00s
[2020-06-22T18:37:45.855+0200][gc,marking    ] GC(5) Concurrent Cleanup for Next Mark
[2020-06-22T18:37:45.858+0200][gc,marking    ] GC(5) Concurrent Cleanup for Next Mark 2,619ms
[2020-06-22T18:37:45.858+0200][gc            ] GC(5) Concurrent Cycle 21,854ms
[2020-06-22T18:38:17.783+0200][gc,start      ] GC(6) Pause Young (Normal) (G1 Evacuation Pause)
[2020-06-22T18:38:17.783+0200][gc,task       ] GC(6) Using 8 workers of 8 for evacuation
[2020-06-22T18:38:17.813+0200][gc,mmu        ] GC(6) MMU target violated: 21,0ms (20,0ms/21,0ms)
[2020-06-22T18:38:17.813+0200][gc,phases     ] GC(6)   Pre Evacuate Collection Set: 0,0ms
[2020-06-22T18:38:17.813+0200][gc,phases     ] GC(6)   Evacuate Collection Set: 29,7ms
[2020-06-22T18:38:17.813+0200][gc,phases     ] GC(6)   Post Evacuate Collection Set: 0,6ms
[2020-06-22T18:38:17.813+0200][gc,phases     ] GC(6)   Other: 0,2ms
[2020-06-22T18:38:17.813+0200][gc,heap       ] GC(6) Eden regions: 49->0(47)
[2020-06-22T18:38:17.813+0200][gc,heap       ] GC(6) Survivor regions: 2->4(7)
[2020-06-22T18:38:17.813+0200][gc,heap       ] GC(6) Old regions: 12->12
[2020-06-22T18:38:17.813+0200][gc,heap       ] GC(6) Humongous regions: 129->129
[2020-06-22T18:38:17.813+0200][gc,metaspace  ] GC(6) Metaspace: 38053K->38053K(1083392K)
[2020-06-22T18:38:17.813+0200][gc            ] GC(6) Pause Young (Normal) (G1 Evacuation Pause) 191M->144M(1024M) 30,544ms
[2020-06-22T18:38:17.813+0200][gc,cpu        ] GC(6) User=0,09s Sys=0,00s Real=0,03s
[2020-06-22T18:41:09.918+0200][gc,heap,exit  ] Heap
[2020-06-22T18:41:09.918+0200][gc,heap,exit  ]  garbage-first heap   total 1048576K, used 176199K [0x00000000c0000000, 0x0000000100000000)
[2020-06-22T18:41:09.918+0200][gc,heap,exit  ]   region size 1024K, 33 young (33792K), 4 survivors (4096K)
[2020-06-22T18:41:09.918+0200][gc,heap,exit  ]  Metaspace       used 38974K, capacity 41011K, committed 41040K, reserved 1085440K
[2020-06-22T18:41:09.918+0200][gc,heap,exit  ]   class space    used 5101K, capacity 6060K, committed 6064K, reserved 1048576K
